C:/Users/M S I/Desktop/bldc4/Src/mc_tasks.c:650:13:FOC_Clear	16	static
C:/Users/M S I/Desktop/bldc4/Src/mc_tasks.c:105:13:MCboot	56	static
C:/Users/M S I/Desktop/bldc4/Src/mc_tasks.c:689:13:FOC_InitAdditionalMethods	0	static
C:/Users/M S I/Desktop/bldc4/Src/mc_tasks.c:713:13:FOC_CalcCurrRef	8	static
C:/Users/M S I/Desktop/bldc4/Src/mc_tasks.c:740:13:TSK_SetChargeBootCapDelayM1	0	static
C:/Users/M S I/Desktop/bldc4/Src/mc_tasks.c:751:13:TSK_ChargeBootCapDelayHasElapsedM1	0	static
C:/Users/M S I/Desktop/bldc4/Src/mc_tasks.c:767:13:TSK_SetStopPermanencyTimeM1	0	static
C:/Users/M S I/Desktop/bldc4/Src/mc_tasks.c:241:6:TSK_MF_StopProcessing	8	static
C:/Users/M S I/Desktop/bldc4/Src/mc_tasks.c:778:13:TSK_StopPermanencyTimeHasElapsedM1	0	static
C:/Users/M S I/Desktop/bldc4/Src/mc_tasks.c:331:13:TSK_MediumFrequencyTaskM1	24	static
C:/Users/M S I/Desktop/bldc4/Src/mc_tasks.c:257:13:MC_Scheduler	16	static
C:/Users/M S I/Desktop/bldc4/Src/mc_tasks.c:804:16:TSK_HighFrequencyTask	64	static
C:/Users/M S I/Desktop/bldc4/Src/mc_tasks.c:948:13:TSK_SafetyTask_PWMOFF	24	static
C:/Users/M S I/Desktop/bldc4/Src/mc_tasks.c:926:13:TSK_SafetyTask	8	static
C:/Users/M S I/Desktop/bldc4/Src/mc_tasks.c:219:13:MC_RunMotorControlTasks	8	static
C:/Users/M S I/Desktop/bldc4/Src/mc_tasks.c:997:23:GetMCI	0	static
C:/Users/M S I/Desktop/bldc4/Src/mc_tasks.c:1013:13:TSK_HardwareFaultTask	8	static
C:/Users/M S I/Desktop/bldc4/Src/mc_tasks.c:1026:13:UI_HandleStartStopButton_cb	8	static
C:/Users/M S I/Desktop/bldc4/Src/mc_tasks.c:1044:13:mc_lock_pins	88	static
