C:/Users/M S I/Desktop/bldc4/Src/stm32g4xx_hal_msp.c:69:6:HAL_MspInit	16	static
C:/Users/M S I/Desktop/bldc4/Src/stm32g4xx_hal_msp.c:99:6:HAL_ADC_MspInit	120	static
C:/Users/M S I/Desktop/bldc4/Src/stm32g4xx_hal_msp.c:189:6:HAL_ADC_MspDeInit	8	static
C:/Users/M S I/Desktop/bldc4/Src/stm32g4xx_hal_msp.c:263:6:HAL_COMP_MspInit	48	static
C:/Users/M S I/Desktop/bldc4/Src/stm32g4xx_hal_msp.c:332:6:HAL_COMP_MspDeInit	0	static
C:/Users/M S I/Desktop/bldc4/Src/stm32g4xx_hal_msp.c:388:6:HAL_CORDIC_MspInit	8	static
C:/Users/M S I/Desktop/bldc4/Src/stm32g4xx_hal_msp.c:410:6:HAL_CORDIC_MspDeInit	0	static
C:/Users/M S I/Desktop/bldc4/Src/stm32g4xx_hal_msp.c:432:6:HAL_DAC_MspInit	8	static
C:/Users/M S I/Desktop/bldc4/Src/stm32g4xx_hal_msp.c:454:6:HAL_DAC_MspDeInit	0	static
C:/Users/M S I/Desktop/bldc4/Src/stm32g4xx_hal_msp.c:476:6:HAL_OPAMP_MspInit	48	static
C:/Users/M S I/Desktop/bldc4/Src/stm32g4xx_hal_msp.c:551:6:HAL_OPAMP_MspDeInit	0	static
C:/Users/M S I/Desktop/bldc4/Src/stm32g4xx_hal_msp.c:613:6:HAL_TIM_Base_MspInit	48	static
C:/Users/M S I/Desktop/bldc4/Src/stm32g4xx_hal_msp.c:653:6:HAL_TIM_MspPostInit	56	static
C:/Users/M S I/Desktop/bldc4/Src/stm32g4xx_hal_msp.c:706:6:HAL_TIM_Base_MspDeInit	8	static
C:/Users/M S I/Desktop/bldc4/Src/stm32g4xx_hal_msp.c:751:6:HAL_UART_MspInit	112	static
C:/Users/M S I/Desktop/bldc4/Src/stm32g4xx_hal_msp.c:833:6:HAL_UART_MspDeInit	8	static
