C:/Users/M S I/Desktop/bldc4/Src/mc_interface.c:60:13:MCI_Init	0	static
C:/Users/M S I/Desktop/bldc4/Src/mc_interface.c:103:13:MCI_SetDirection	0	static
C:/Users/M S I/Desktop/bldc4/Src/mc_interface.c:120:13:MCI_ExecSpeedRamp	0	static
C:/Users/M S I/Desktop/bldc4/Src/mc_interface.c:162:13:MCI_ExecSpeedRamp_F	8	static
C:/Users/M S I/Desktop/bldc4/Src/mc_interface.c:196:13:MCI_ExecTorqueRamp	0	static
C:/Users/M S I/Desktop/bldc4/Src/mc_interface.c:232:13:MCI_ExecTorqueRamp_F	8	static
C:/Users/M S I/Desktop/bldc4/Src/mc_interface.c:260:13:MCI_SetCurrentReferences	8	static
C:/Users/M S I/Desktop/bldc4/Src/mc_interface.c:292:13:MCI_SetCurrentReferences_F	24	static
C:/Users/M S I/Desktop/bldc4/Src/mc_interface.c:322:13:MCI_SetSpeedMode	8	static
C:/Users/M S I/Desktop/bldc4/Src/mc_interface.c:340:13:MCI_SetOpenLoopCurrent	8	static
C:/Users/M S I/Desktop/bldc4/Src/mc_interface.c:358:13:MCI_SetOpenLoopVoltage	16	static
C:/Users/M S I/Desktop/bldc4/Src/mc_interface.c:497:13:MCI_GetCalibratedOffsetsMotor	8	static
C:/Users/M S I/Desktop/bldc4/Src/mc_interface.c:628:13:MCI_FaultProcessing	0	static
C:/Users/M S I/Desktop/bldc4/Src/mc_interface.c:645:13:MCI_ExecBufferedCommands	8	static
C:/Users/M S I/Desktop/bldc4/Src/mc_interface.c:715:28:MCI_IsCommandAcknowledged	0	static
C:/Users/M S I/Desktop/bldc4/Src/mc_interface.c:747:21:MCI_GetSTMState	0	static
C:/Users/M S I/Desktop/bldc4/Src/mc_interface.c:763:17:MCI_GetOccurredFaults	0	static
C:/Users/M S I/Desktop/bldc4/Src/mc_interface.c:777:17:MCI_GetCurrentFaults	0	static
C:/Users/M S I/Desktop/bldc4/Src/mc_interface.c:386:13:MCI_StartMotor	8	static
C:/Users/M S I/Desktop/bldc4/Src/mc_interface.c:429:13:MCI_StartWithMeasurementOffset	8	static
C:/Users/M S I/Desktop/bldc4/Src/mc_interface.c:466:13:MCI_StartOffsetMeasurments	8	static
C:/Users/M S I/Desktop/bldc4/Src/mc_interface.c:529:13:MCI_SetCalibratedOffsetsMotor	16	static
C:/Users/M S I/Desktop/bldc4/Src/mc_interface.c:560:13:MCI_StopMotor	16	static
C:/Users/M S I/Desktop/bldc4/Src/mc_interface.c:601:13:MCI_FaultAcknowledged	8	static
C:/Users/M S I/Desktop/bldc4/Src/mc_interface.c:793:17:MCI_GetFaultState	0	static
C:/Users/M S I/Desktop/bldc4/Src/mc_interface.c:809:25:MCI_GetControlMode	0	static
C:/Users/M S I/Desktop/bldc4/Src/mc_interface.c:825:16:MCI_GetImposedMotorDirection	0	static
C:/Users/M S I/Desktop/bldc4/Src/mc_interface.c:875:16:MCI_GetLastRampFinalSpeed	0	static
C:/Users/M S I/Desktop/bldc4/Src/mc_interface.c:901:16:MCI_GetLastRampFinalTorque	0	static
C:/Users/M S I/Desktop/bldc4/Src/mc_interface.c:926:17:MCI_GetLastRampFinalDuration	0	static
C:/Users/M S I/Desktop/bldc4/Src/mc_interface.c:950:14:MCI_GetLastRampFinalSpeed_F	0	static
C:/Users/M S I/Desktop/bldc4/Src/mc_interface.c:970:13:MCI_RampCompleted	8	static
C:/Users/M S I/Desktop/bldc4/Src/mc_interface.c:1003:13:MCI_StopSpeedRamp	0	static
C:/Users/M S I/Desktop/bldc4/Src/mc_interface.c:1016:13:MCI_StopRamp	0	static
C:/Users/M S I/Desktop/bldc4/Src/mc_interface.c:1040:13:MCI_GetSpdSensorReliability	8	static
C:/Users/M S I/Desktop/bldc4/Src/mc_interface.c:1066:16:MCI_GetAvrgMecSpeedUnit	8	static
C:/Users/M S I/Desktop/bldc4/Src/mc_interface.c:1090:14:MCI_GetAvrgMecSpeed_F	8	static
C:/Users/M S I/Desktop/bldc4/Src/mc_interface.c:1103:16:MCI_GetMecSpeedRefUnit	0	static
C:/Users/M S I/Desktop/bldc4/Src/mc_interface.c:1118:14:MCI_GetMecSpeedRef_F	8	static
C:/Users/M S I/Desktop/bldc4/Src/mc_interface.c:1128:13:MCI_GetIab	8	static
C:/Users/M S I/Desktop/bldc4/Src/mc_interface.c:1148:15:MCI_GetIab_F	32	static
C:/Users/M S I/Desktop/bldc4/Src/mc_interface.c:1164:20:MCI_GetIalphabeta	8	static
C:/Users/M S I/Desktop/bldc4/Src/mc_interface.c:1189:13:MCI_GetIqd	8	static
C:/Users/M S I/Desktop/bldc4/Src/mc_interface.c:1214:15:MCI_GetIqd_F	32	static
C:/Users/M S I/Desktop/bldc4/Src/mc_interface.c:1230:13:MCI_GetIqdHF	8	static
C:/Users/M S I/Desktop/bldc4/Src/mc_interface.c:1255:13:MCI_GetIqdref	8	static
C:/Users/M S I/Desktop/bldc4/Src/mc_interface.c:1280:15:MCI_GetIqdref_F	32	static
C:/Users/M S I/Desktop/bldc4/Src/mc_interface.c:1295:13:MCI_GetVqd	8	static
C:/Users/M S I/Desktop/bldc4/Src/mc_interface.c:1320:20:MCI_GetValphabeta	8	static
C:/Users/M S I/Desktop/bldc4/Src/mc_interface.c:1346:16:MCI_GetElAngledpp	0	static
C:/Users/M S I/Desktop/bldc4/Src/mc_interface.c:1361:16:MCI_GetTeref	0	static
C:/Users/M S I/Desktop/bldc4/Src/mc_interface.c:1375:14:MCI_GetTeref_F	8	static
C:/Users/M S I/Desktop/bldc4/Src/mc_interface.c:1388:16:MCI_GetPhaseCurrentAmplitude	0	static,ignoring_inline_asm
C:/Users/M S I/Desktop/bldc4/Src/mc_interface.c:1417:16:MCI_GetPhaseVoltageAmplitude	8	static
C:/Users/M S I/Desktop/bldc4/Src/mc_interface.c:1455:13:MCI_Clear_Iqdref	8	static
